PREHOOK: query: CREATE TABLE add_part_test (key STRING, value STRING) PARTITIONED BY (ds STRING)
PREHOOK: type: CREATETABLE
PREHOOK: Output: database:default
PREHOOK: Output: default@add_part_test
POSTHOOK: query: CREATE TABLE add_part_test (key STRING, value STRING) PARTITIONED BY (ds STRING)
POSTHOOK: type: CREATETABLE
POSTHOOK: Output: database:default
POSTHOOK: Output: default@add_part_test
PREHOOK: query: explain ddl select * from add_part_test
PREHOOK: type: QUERY
PREHOOK: Input: default@add_part_test
#### A masked pattern was here ####
POSTHOOK: query: explain ddl select * from add_part_test
POSTHOOK: type: QUERY
POSTHOOK: Input: default@add_part_test
#### A masked pattern was here ####

CREATE TABLE `default`.`add_part_test`(
  `key` string, 
  `value` string)
PARTITIONED BY ( 
  `ds` string)
ROW FORMAT SERDE 
  'org.apache.hadoop.hive.serde2.lazy.LazySimpleSerDe' 
STORED AS INPUTFORMAT 
  'org.apache.hadoop.mapred.TextInputFormat' 
OUTPUTFORMAT 
  'org.apache.hadoop.hive.ql.io.HiveIgnoreKeyTextOutputFormat'
LOCATION
#### A masked pattern was here ####
TBLPROPERTIES (
  'bucketing_version'='2', 
#### A masked pattern was here ####
ALTER TABLE default.add_part_test UPDATE STATISTICS SET('numRows'='0','rawDataSize'='0' );


PREHOOK: query: ALTER TABLE add_part_test ADD PARTITION (ds='2010-01-01')
PREHOOK: type: ALTERTABLE_ADDPARTS
PREHOOK: Output: default@add_part_test
POSTHOOK: query: ALTER TABLE add_part_test ADD PARTITION (ds='2010-01-01')
POSTHOOK: type: ALTERTABLE_ADDPARTS
POSTHOOK: Output: default@add_part_test
POSTHOOK: Output: default@add_part_test@ds=2010-01-01
PREHOOK: query: insert into add_part_test partition(ds='2010-01-01') values ('key_1','value_1'),
('key_2','value_2'),
('key_3','value_3'),
('key_4','value_4'),
('key_5','value_5'),
('key_6','value_6'),
('key_7','value_7'),
('key_8','value_8'),
('key_9','value_9'),
('key_10','value_10'),
('key_11','value_11'),
('key_12','value_12'),
('key_13','value_13'),
('key_14','value_14'),
('key_15','value_15'),
('key_16','value_16'),
('key_17','value_17'),
('key_18','value_18'),
('key_19','value_19')
PREHOOK: type: QUERY
PREHOOK: Input: _dummy_database@_dummy_table
PREHOOK: Output: default@add_part_test@ds=2010-01-01
POSTHOOK: query: insert into add_part_test partition(ds='2010-01-01') values ('key_1','value_1'),
('key_2','value_2'),
('key_3','value_3'),
('key_4','value_4'),
('key_5','value_5'),
('key_6','value_6'),
('key_7','value_7'),
('key_8','value_8'),
('key_9','value_9'),
('key_10','value_10'),
('key_11','value_11'),
('key_12','value_12'),
('key_13','value_13'),
('key_14','value_14'),
('key_15','value_15'),
('key_16','value_16'),
('key_17','value_17'),
('key_18','value_18'),
('key_19','value_19')
POSTHOOK: type: QUERY
POSTHOOK: Input: _dummy_database@_dummy_table
POSTHOOK: Output: default@add_part_test@ds=2010-01-01
POSTHOOK: Lineage: add_part_test PARTITION(ds=2010-01-01).key SCRIPT []
POSTHOOK: Lineage: add_part_test PARTITION(ds=2010-01-01).value SCRIPT []
PREHOOK: query: explain ddl select * from add_part_test where ds='2010-01-01'
PREHOOK: type: QUERY
PREHOOK: Input: default@add_part_test
PREHOOK: Input: default@add_part_test@ds=2010-01-01
#### A masked pattern was here ####
POSTHOOK: query: explain ddl select * from add_part_test where ds='2010-01-01'
POSTHOOK: type: QUERY
POSTHOOK: Input: default@add_part_test
POSTHOOK: Input: default@add_part_test@ds=2010-01-01
#### A masked pattern was here ####

CREATE TABLE `default`.`add_part_test`(
  `key` string, 
  `value` string)
PARTITIONED BY ( 
  `ds` string)
ROW FORMAT SERDE 
  'org.apache.hadoop.hive.serde2.lazy.LazySimpleSerDe' 
STORED AS INPUTFORMAT 
  'org.apache.hadoop.mapred.TextInputFormat' 
OUTPUTFORMAT 
  'org.apache.hadoop.hive.ql.io.HiveIgnoreKeyTextOutputFormat'
LOCATION
#### A masked pattern was here ####
TBLPROPERTIES (
  'bucketing_version'='2', 
#### A masked pattern was here ####
ALTER TABLE default.add_part_test UPDATE STATISTICS SET('numRows'='0','rawDataSize'='0' );
ALTER TABLE default.add_part_test ADD IF NOT EXISTS PARTITION (ds='2010-01-01');
ALTER TABLE default.add_part_test PARTITION (ds='2010-01-01') UPDATE STATISTICS SET('numRows'='19','rawDataSize'='267' );
ALTER TABLE default.add_part_test PARTITION (ds='2010-01-01') UPDATE STATISTICS FOR COLUMN key SET('avgColLen'='5.526315789473684','maxColLen'='6','numNulls'='0','numDVs'='19' );
-- BIT VECTORS PRESENT FOR default.add_part_test PARTITION ds='2010-01-01' FOR COLUMN key BUT THEY ARE NOT SUPPORTED YET.THE BASE64 VALUE FOR THE BITVECTOR IS SExMoBMTgZXdNICf8TvAo4ELgLO2SMXF/BS72uELgOLCnwGAj9Y4wJOCQMKT9CX+vqIBw+fKPr3LlKsBwIHHF8DX2CmF7e4T/JG0AYKY6Bb+o9oQ 
ALTER TABLE default.add_part_test PARTITION (ds='2010-01-01') UPDATE STATISTICS FOR COLUMN value SET('avgColLen'='7.526315789473684','maxColLen'='8','numNulls'='0','numDVs'='19' );
-- BIT VECTORS PRESENT FOR default.add_part_test PARTITION ds='2010-01-01' FOR COLUMN value BUT THEY ARE NOT SUPPORTED YET.THE BASE64 VALUE FOR THE BITVECTOR IS SExMoBMTgZnEIYCNq4gBgKCIGoD61AHBjs4N/7WjogGBquoE/9ScS4HyxCf/keJOxMnVP4GwwUn7+oEgwNzHBsCeqgOAmb1QguH/Cb7p83LA3Z9B 

PREHOOK: query: ALTER TABLE add_part_test ADD IF NOT EXISTS PARTITION (ds='2010-01-01') PARTITION (ds='2010-01-02') PARTITION (ds='2010-01-03')
PREHOOK: type: ALTERTABLE_ADDPARTS
PREHOOK: Output: default@add_part_test
POSTHOOK: query: ALTER TABLE add_part_test ADD IF NOT EXISTS PARTITION (ds='2010-01-01') PARTITION (ds='2010-01-02') PARTITION (ds='2010-01-03')
POSTHOOK: type: ALTERTABLE_ADDPARTS
POSTHOOK: Output: default@add_part_test
POSTHOOK: Output: default@add_part_test@ds=2010-01-02
POSTHOOK: Output: default@add_part_test@ds=2010-01-03
PREHOOK: query: insert into add_part_test partition(ds='2010-01-03')  values ('key_20','value_20'),
('key_21','value_21'),
('key_22','value_22'),
('key_23','value_23'),
('key_24','value_24'),
('key_25','value_25'),
('key_26','value_26'),
('key_32','value_32'),
('key_33','value_33'),
('key_34','value_34'),
('key_35','value_35'),
('key_36','value_36'),
('key_37','value_37'),
('key_38','value_38'),
('key_39','value_39')
PREHOOK: type: QUERY
PREHOOK: Input: _dummy_database@_dummy_table
PREHOOK: Output: default@add_part_test@ds=2010-01-03
POSTHOOK: query: insert into add_part_test partition(ds='2010-01-03')  values ('key_20','value_20'),
('key_21','value_21'),
('key_22','value_22'),
('key_23','value_23'),
('key_24','value_24'),
('key_25','value_25'),
('key_26','value_26'),
('key_32','value_32'),
('key_33','value_33'),
('key_34','value_34'),
('key_35','value_35'),
('key_36','value_36'),
('key_37','value_37'),
('key_38','value_38'),
('key_39','value_39')
POSTHOOK: type: QUERY
POSTHOOK: Input: _dummy_database@_dummy_table
POSTHOOK: Output: default@add_part_test@ds=2010-01-03
POSTHOOK: Lineage: add_part_test PARTITION(ds=2010-01-03).key SCRIPT []
POSTHOOK: Lineage: add_part_test PARTITION(ds=2010-01-03).value SCRIPT []
PREHOOK: query: explain ddl select * from add_part_test where ds>='2010-01-01'
PREHOOK: type: QUERY
PREHOOK: Input: default@add_part_test
PREHOOK: Input: default@add_part_test@ds=2010-01-01
PREHOOK: Input: default@add_part_test@ds=2010-01-02
PREHOOK: Input: default@add_part_test@ds=2010-01-03
#### A masked pattern was here ####
POSTHOOK: query: explain ddl select * from add_part_test where ds>='2010-01-01'
POSTHOOK: type: QUERY
POSTHOOK: Input: default@add_part_test
POSTHOOK: Input: default@add_part_test@ds=2010-01-01
POSTHOOK: Input: default@add_part_test@ds=2010-01-02
POSTHOOK: Input: default@add_part_test@ds=2010-01-03
#### A masked pattern was here ####

CREATE TABLE `default`.`add_part_test`(
  `key` string, 
  `value` string)
PARTITIONED BY ( 
  `ds` string)
ROW FORMAT SERDE 
  'org.apache.hadoop.hive.serde2.lazy.LazySimpleSerDe' 
STORED AS INPUTFORMAT 
  'org.apache.hadoop.mapred.TextInputFormat' 
OUTPUTFORMAT 
  'org.apache.hadoop.hive.ql.io.HiveIgnoreKeyTextOutputFormat'
LOCATION
#### A masked pattern was here ####
TBLPROPERTIES (
  'bucketing_version'='2', 
#### A masked pattern was here ####
ALTER TABLE default.add_part_test UPDATE STATISTICS SET('numRows'='0','rawDataSize'='0' );
ALTER TABLE default.add_part_test ADD IF NOT EXISTS PARTITION (ds='2010-01-01');
ALTER TABLE default.add_part_test PARTITION (ds='2010-01-01') UPDATE STATISTICS SET('numRows'='19','rawDataSize'='267' );
ALTER TABLE default.add_part_test ADD IF NOT EXISTS PARTITION (ds='2010-01-02');
ALTER TABLE default.add_part_test PARTITION (ds='2010-01-02') UPDATE STATISTICS SET('numRows'='0','rawDataSize'='0' );
ALTER TABLE default.add_part_test ADD IF NOT EXISTS PARTITION (ds='2010-01-03');
ALTER TABLE default.add_part_test PARTITION (ds='2010-01-03') UPDATE STATISTICS SET('numRows'='15','rawDataSize'='225' );
ALTER TABLE default.add_part_test PARTITION (ds='2010-01-01') UPDATE STATISTICS FOR COLUMN value SET('avgColLen'='7.526315789473684','maxColLen'='8','numNulls'='0','numDVs'='19' );
-- BIT VECTORS PRESENT FOR default.add_part_test PARTITION ds='2010-01-01' FOR COLUMN value BUT THEY ARE NOT SUPPORTED YET.THE BASE64 VALUE FOR THE BITVECTOR IS SExMoBMTgZnEIYCNq4gBgKCIGoD61AHBjs4N/7WjogGBquoE/9ScS4HyxCf/keJOxMnVP4GwwUn7+oEgwNzHBsCeqgOAmb1QguH/Cb7p83LA3Z9B 
ALTER TABLE default.add_part_test PARTITION (ds='2010-01-01') UPDATE STATISTICS FOR COLUMN key SET('avgColLen'='5.526315789473684','maxColLen'='6','numNulls'='0','numDVs'='19' );
-- BIT VECTORS PRESENT FOR default.add_part_test PARTITION ds='2010-01-01' FOR COLUMN key BUT THEY ARE NOT SUPPORTED YET.THE BASE64 VALUE FOR THE BITVECTOR IS SExMoBMTgZXdNICf8TvAo4ELgLO2SMXF/BS72uELgOLCnwGAj9Y4wJOCQMKT9CX+vqIBw+fKPr3LlKsBwIHHF8DX2CmF7e4T/JG0AYKY6Bb+o9oQ 
ALTER TABLE default.add_part_test PARTITION (ds='2010-01-03') UPDATE STATISTICS FOR COLUMN value SET('avgColLen'='8.0','maxColLen'='8','numNulls'='0','numDVs'='15' );
-- BIT VECTORS PRESENT FOR default.add_part_test PARTITION ds='2010-01-03' FOR COLUMN value BUT THEY ARE NOT SUPPORTED YET.THE BASE64 VALUE FOR THE BITVECTOR IS SExMoA8PxruDCfvd++EBgJbAswHAj9hcgOSPEcGP0Tf/ouVYhPfkDfzUm17AgIcTgOP5KIGsqm3Am/Ii/6epDYDf+AQ= 
ALTER TABLE default.add_part_test PARTITION (ds='2010-01-03') UPDATE STATISTICS FOR COLUMN key SET('avgColLen'='6.0','maxColLen'='6','numNulls'='0','numDVs'='15' );
-- BIT VECTORS PRESENT FOR default.add_part_test PARTITION ds='2010-01-03' FOR COLUMN key BUT THEY ARE NOT SUPPORTED YET.THE BASE64 VALUE FOR THE BITVECTOR IS SExMoA8Pwoy4S4DjsC2Cy/cxvYTEDsGjtQqBy7Yi/8DaQb+/pBPAjbjoAYHXgA2/h9yDAcKsjyi+usGNAcHK9T/CzrU/ 

PREHOOK: query: DROP TABLE add_part_test
PREHOOK: type: DROPTABLE
PREHOOK: Input: default@add_part_test
PREHOOK: Output: default@add_part_test
POSTHOOK: query: DROP TABLE add_part_test
POSTHOOK: type: DROPTABLE
POSTHOOK: Input: default@add_part_test
POSTHOOK: Output: default@add_part_test
PREHOOK: query: CREATE DATABASE add_part_test_db
PREHOOK: type: CREATEDATABASE
PREHOOK: Output: database:add_part_test_db
POSTHOOK: query: CREATE DATABASE add_part_test_db
POSTHOOK: type: CREATEDATABASE
POSTHOOK: Output: database:add_part_test_db
PREHOOK: query: CREATE TABLE add_part_test_db.add_part_test (key STRING, value STRING) PARTITIONED BY (ds STRING)
PREHOOK: type: CREATETABLE
PREHOOK: Output: add_part_test_db@add_part_test
PREHOOK: Output: database:add_part_test_db
POSTHOOK: query: CREATE TABLE add_part_test_db.add_part_test (key STRING, value STRING) PARTITIONED BY (ds STRING)
POSTHOOK: type: CREATETABLE
POSTHOOK: Output: add_part_test_db@add_part_test
POSTHOOK: Output: database:add_part_test_db
PREHOOK: query: ALTER TABLE add_part_test_db.add_part_test ADD PARTITION (ds='2010-01-01')
PREHOOK: type: ALTERTABLE_ADDPARTS
PREHOOK: Output: add_part_test_db@add_part_test
POSTHOOK: query: ALTER TABLE add_part_test_db.add_part_test ADD PARTITION (ds='2010-01-01')
POSTHOOK: type: ALTERTABLE_ADDPARTS
POSTHOOK: Output: add_part_test_db@add_part_test
POSTHOOK: Output: add_part_test_db@add_part_test@ds=2010-01-01
PREHOOK: query: insert into add_part_test_db.add_part_test partition(ds='2010-01-01') values ('key_1','value_1'),
('key_2','value_2'),
('key_3','value_3'),
('key_4','value_4'),
('key_5','value_5'),
('key_6','value_6'),
('key_7','value_7'),
('key_8','value_8'),
('key_9','value_9'),
('key_10','value_10'),
('key_11','value_11'),
('key_12','value_12'),
('key_13','value_13'),
('key_14','value_14'),
('key_15','value_15'),
('key_16','value_16'),
('key_17','value_17'),
('key_18','value_18'),
('key_19','value_19')
PREHOOK: type: QUERY
PREHOOK: Input: _dummy_database@_dummy_table
PREHOOK: Output: add_part_test_db@add_part_test@ds=2010-01-01
POSTHOOK: query: insert into add_part_test_db.add_part_test partition(ds='2010-01-01') values ('key_1','value_1'),
('key_2','value_2'),
('key_3','value_3'),
('key_4','value_4'),
('key_5','value_5'),
('key_6','value_6'),
('key_7','value_7'),
('key_8','value_8'),
('key_9','value_9'),
('key_10','value_10'),
('key_11','value_11'),
('key_12','value_12'),
('key_13','value_13'),
('key_14','value_14'),
('key_15','value_15'),
('key_16','value_16'),
('key_17','value_17'),
('key_18','value_18'),
('key_19','value_19')
POSTHOOK: type: QUERY
POSTHOOK: Input: _dummy_database@_dummy_table
POSTHOOK: Output: add_part_test_db@add_part_test@ds=2010-01-01
POSTHOOK: Lineage: add_part_test PARTITION(ds=2010-01-01).key SCRIPT []
POSTHOOK: Lineage: add_part_test PARTITION(ds=2010-01-01).value SCRIPT []
PREHOOK: query: explain ddl select * from add_part_test_db.add_part_test where ds='2010-01-01'
PREHOOK: type: QUERY
PREHOOK: Input: add_part_test_db@add_part_test
PREHOOK: Input: add_part_test_db@add_part_test@ds=2010-01-01
#### A masked pattern was here ####
POSTHOOK: query: explain ddl select * from add_part_test_db.add_part_test where ds='2010-01-01'
POSTHOOK: type: QUERY
POSTHOOK: Input: add_part_test_db@add_part_test
POSTHOOK: Input: add_part_test_db@add_part_test@ds=2010-01-01
#### A masked pattern was here ####
CREATE DATABASE IF NOT EXISTS add_part_test_db;
CREATE TABLE `add_part_test_db`.`add_part_test`(
  `key` string, 
  `value` string)
PARTITIONED BY ( 
  `ds` string)
ROW FORMAT SERDE 
  'org.apache.hadoop.hive.serde2.lazy.LazySimpleSerDe' 
STORED AS INPUTFORMAT 
  'org.apache.hadoop.mapred.TextInputFormat' 
OUTPUTFORMAT 
  'org.apache.hadoop.hive.ql.io.HiveIgnoreKeyTextOutputFormat'
LOCATION
#### A masked pattern was here ####
TBLPROPERTIES (
  'bucketing_version'='2', 
#### A masked pattern was here ####
ALTER TABLE add_part_test_db.add_part_test UPDATE STATISTICS SET('numRows'='0','rawDataSize'='0' );
ALTER TABLE add_part_test_db.add_part_test ADD IF NOT EXISTS PARTITION (ds='2010-01-01');
ALTER TABLE add_part_test_db.add_part_test PARTITION (ds='2010-01-01') UPDATE STATISTICS SET('numRows'='19','rawDataSize'='267' );
ALTER TABLE add_part_test_db.add_part_test PARTITION (ds='2010-01-01') UPDATE STATISTICS FOR COLUMN key SET('avgColLen'='5.526315789473684','maxColLen'='6','numNulls'='0','numDVs'='19' );
-- BIT VECTORS PRESENT FOR add_part_test_db.add_part_test PARTITION ds='2010-01-01' FOR COLUMN key BUT THEY ARE NOT SUPPORTED YET.THE BASE64 VALUE FOR THE BITVECTOR IS SExMoBMTgZXdNICf8TvAo4ELgLO2SMXF/BS72uELgOLCnwGAj9Y4wJOCQMKT9CX+vqIBw+fKPr3LlKsBwIHHF8DX2CmF7e4T/JG0AYKY6Bb+o9oQ 
ALTER TABLE add_part_test_db.add_part_test PARTITION (ds='2010-01-01') UPDATE STATISTICS FOR COLUMN value SET('avgColLen'='7.526315789473684','maxColLen'='8','numNulls'='0','numDVs'='19' );
-- BIT VECTORS PRESENT FOR add_part_test_db.add_part_test PARTITION ds='2010-01-01' FOR COLUMN value BUT THEY ARE NOT SUPPORTED YET.THE BASE64 VALUE FOR THE BITVECTOR IS SExMoBMTgZnEIYCNq4gBgKCIGoD61AHBjs4N/7WjogGBquoE/9ScS4HyxCf/keJOxMnVP4GwwUn7+oEgwNzHBsCeqgOAmb1QguH/Cb7p83LA3Z9B 

PREHOOK: query: ALTER TABLE add_part_test_db.add_part_test ADD IF NOT EXISTS PARTITION (ds='2010-01-01') PARTITION (ds='2010-01-02') PARTITION (ds='2010-01-03')
PREHOOK: type: ALTERTABLE_ADDPARTS
PREHOOK: Output: add_part_test_db@add_part_test
POSTHOOK: query: ALTER TABLE add_part_test_db.add_part_test ADD IF NOT EXISTS PARTITION (ds='2010-01-01') PARTITION (ds='2010-01-02') PARTITION (ds='2010-01-03')
POSTHOOK: type: ALTERTABLE_ADDPARTS
POSTHOOK: Output: add_part_test_db@add_part_test
POSTHOOK: Output: add_part_test_db@add_part_test@ds=2010-01-02
POSTHOOK: Output: add_part_test_db@add_part_test@ds=2010-01-03
PREHOOK: query: insert into add_part_test_db.add_part_test partition(ds='2010-01-03')  values ('key_20','value_20'),
('key_21','value_21'),
('key_22','value_22'),
('key_23','value_23'),
('key_24','value_24'),
('key_25','value_25'),
('key_26','value_26'),
('key_32','value_32'),
('key_33','value_33'),
('key_34','value_34'),
('key_35','value_35'),
('key_36','value_36'),
('key_37','value_37'),
('key_38','value_38'),
('key_39','value_39')
PREHOOK: type: QUERY
PREHOOK: Input: _dummy_database@_dummy_table
PREHOOK: Output: add_part_test_db@add_part_test@ds=2010-01-03
POSTHOOK: query: insert into add_part_test_db.add_part_test partition(ds='2010-01-03')  values ('key_20','value_20'),
('key_21','value_21'),
('key_22','value_22'),
('key_23','value_23'),
('key_24','value_24'),
('key_25','value_25'),
('key_26','value_26'),
('key_32','value_32'),
('key_33','value_33'),
('key_34','value_34'),
('key_35','value_35'),
('key_36','value_36'),
('key_37','value_37'),
('key_38','value_38'),
('key_39','value_39')
POSTHOOK: type: QUERY
POSTHOOK: Input: _dummy_database@_dummy_table
POSTHOOK: Output: add_part_test_db@add_part_test@ds=2010-01-03
POSTHOOK: Lineage: add_part_test PARTITION(ds=2010-01-03).key SCRIPT []
POSTHOOK: Lineage: add_part_test PARTITION(ds=2010-01-03).value SCRIPT []
PREHOOK: query: explain ddl select * from add_part_test_db.add_part_test where ds>='2010-01-01'
PREHOOK: type: QUERY
PREHOOK: Input: add_part_test_db@add_part_test
PREHOOK: Input: add_part_test_db@add_part_test@ds=2010-01-01
PREHOOK: Input: add_part_test_db@add_part_test@ds=2010-01-02
PREHOOK: Input: add_part_test_db@add_part_test@ds=2010-01-03
#### A masked pattern was here ####
POSTHOOK: query: explain ddl select * from add_part_test_db.add_part_test where ds>='2010-01-01'
POSTHOOK: type: QUERY
POSTHOOK: Input: add_part_test_db@add_part_test
POSTHOOK: Input: add_part_test_db@add_part_test@ds=2010-01-01
POSTHOOK: Input: add_part_test_db@add_part_test@ds=2010-01-02
POSTHOOK: Input: add_part_test_db@add_part_test@ds=2010-01-03
#### A masked pattern was here ####
CREATE DATABASE IF NOT EXISTS add_part_test_db;
CREATE TABLE `add_part_test_db`.`add_part_test`(
  `key` string, 
  `value` string)
PARTITIONED BY ( 
  `ds` string)
ROW FORMAT SERDE 
  'org.apache.hadoop.hive.serde2.lazy.LazySimpleSerDe' 
STORED AS INPUTFORMAT 
  'org.apache.hadoop.mapred.TextInputFormat' 
OUTPUTFORMAT 
  'org.apache.hadoop.hive.ql.io.HiveIgnoreKeyTextOutputFormat'
LOCATION
#### A masked pattern was here ####
TBLPROPERTIES (
  'bucketing_version'='2', 
#### A masked pattern was here ####
ALTER TABLE add_part_test_db.add_part_test UPDATE STATISTICS SET('numRows'='0','rawDataSize'='0' );
ALTER TABLE add_part_test_db.add_part_test ADD IF NOT EXISTS PARTITION (ds='2010-01-01');
ALTER TABLE add_part_test_db.add_part_test PARTITION (ds='2010-01-01') UPDATE STATISTICS SET('numRows'='19','rawDataSize'='267' );
ALTER TABLE add_part_test_db.add_part_test ADD IF NOT EXISTS PARTITION (ds='2010-01-02');
ALTER TABLE add_part_test_db.add_part_test PARTITION (ds='2010-01-02') UPDATE STATISTICS SET('numRows'='0','rawDataSize'='0' );
ALTER TABLE add_part_test_db.add_part_test ADD IF NOT EXISTS PARTITION (ds='2010-01-03');
ALTER TABLE add_part_test_db.add_part_test PARTITION (ds='2010-01-03') UPDATE STATISTICS SET('numRows'='15','rawDataSize'='225' );
ALTER TABLE add_part_test_db.add_part_test PARTITION (ds='2010-01-01') UPDATE STATISTICS FOR COLUMN value SET('avgColLen'='7.526315789473684','maxColLen'='8','numNulls'='0','numDVs'='19' );
-- BIT VECTORS PRESENT FOR add_part_test_db.add_part_test PARTITION ds='2010-01-01' FOR COLUMN value BUT THEY ARE NOT SUPPORTED YET.THE BASE64 VALUE FOR THE BITVECTOR IS SExMoBMTgZnEIYCNq4gBgKCIGoD61AHBjs4N/7WjogGBquoE/9ScS4HyxCf/keJOxMnVP4GwwUn7+oEgwNzHBsCeqgOAmb1QguH/Cb7p83LA3Z9B 
ALTER TABLE add_part_test_db.add_part_test PARTITION (ds='2010-01-01') UPDATE STATISTICS FOR COLUMN key SET('avgColLen'='5.526315789473684','maxColLen'='6','numNulls'='0','numDVs'='19' );
-- BIT VECTORS PRESENT FOR add_part_test_db.add_part_test PARTITION ds='2010-01-01' FOR COLUMN key BUT THEY ARE NOT SUPPORTED YET.THE BASE64 VALUE FOR THE BITVECTOR IS SExMoBMTgZXdNICf8TvAo4ELgLO2SMXF/BS72uELgOLCnwGAj9Y4wJOCQMKT9CX+vqIBw+fKPr3LlKsBwIHHF8DX2CmF7e4T/JG0AYKY6Bb+o9oQ 
ALTER TABLE add_part_test_db.add_part_test PARTITION (ds='2010-01-03') UPDATE STATISTICS FOR COLUMN value SET('avgColLen'='8.0','maxColLen'='8','numNulls'='0','numDVs'='15' );
-- BIT VECTORS PRESENT FOR add_part_test_db.add_part_test PARTITION ds='2010-01-03' FOR COLUMN value BUT THEY ARE NOT SUPPORTED YET.THE BASE64 VALUE FOR THE BITVECTOR IS SExMoA8PxruDCfvd++EBgJbAswHAj9hcgOSPEcGP0Tf/ouVYhPfkDfzUm17AgIcTgOP5KIGsqm3Am/Ii/6epDYDf+AQ= 
ALTER TABLE add_part_test_db.add_part_test PARTITION (ds='2010-01-03') UPDATE STATISTICS FOR COLUMN key SET('avgColLen'='6.0','maxColLen'='6','numNulls'='0','numDVs'='15' );
-- BIT VECTORS PRESENT FOR add_part_test_db.add_part_test PARTITION ds='2010-01-03' FOR COLUMN key BUT THEY ARE NOT SUPPORTED YET.THE BASE64 VALUE FOR THE BITVECTOR IS SExMoA8Pwoy4S4DjsC2Cy/cxvYTEDsGjtQqBy7Yi/8DaQb+/pBPAjbjoAYHXgA2/h9yDAcKsjyi+usGNAcHK9T/CzrU/ 

PREHOOK: query: DROP DATABASE add_part_test_db cascade
PREHOOK: type: DROPDATABASE
PREHOOK: Input: database:add_part_test_db
PREHOOK: Output: add_part_test_db@add_part_test
PREHOOK: Output: database:add_part_test_db
POSTHOOK: query: DROP DATABASE add_part_test_db cascade
POSTHOOK: type: DROPDATABASE
POSTHOOK: Input: database:add_part_test_db
POSTHOOK: Output: add_part_test_db@add_part_test
POSTHOOK: Output: database:add_part_test_db
